---
source: tests/snapshots.rs
expression: buffer_to_text(&buf)
---
 ▀▚ /tmp/chiba-snapshot.md  •  0 tasks  •  sort:priority                                            
                                                                                                    
                                                                                                    
                                                                                                    
                                                                                                    
                                                                                                    
                                                                                                    
                                                                                                    
                      ┌ chiba ───────────────────────────────────────────────┐                      
                      │                    ▄████▄                            │                      
                      │                    ▀████▀▄                           │                      
                      │                      ▀▀   ▀▄                         │                      
                      │                         ▀▀▀ ▀▄                       │                      
                      │                               ▀▄                     │                      
                      │                                                      │                      
                      │  no tasks yet — let's get started                    │                      
                      │                                                      │                      
                      │   n   add a task                                     │                      
                      │   ?   show all keybindings                           │                      
                      │   ,   settings                                       │                      
                      │   q   quit                                           │                      
                      │                                                      │                      
                      │   format: (A) Buy milk +shop @home due:2026-05-12    │                      
                      └──────────────────────────────────────────────────────┘                      
                                                                                                    
                                                                                                    
                                                                                                    
                                                                                                    
                                                                                                    
                                                                                                    
                                                                                                    
 NORMAL   j/k · n new · r reschedule · x done · / search · ? hel0 open · 2026-05-06 · ✿ chiba 0.1.0
